
> react-kavia@0.1.0 start
> react-scripts start

(node:8100) [DEP_WEBPACK_DEV_SERVER_ON_AFTER_SETUP_MIDDLEWARE] DeprecationWarning: 'onAfterSetupMiddleware' option is deprecated. Please use the 'setupMiddlewares' option.
(Use `node --trace-deprecation ...` to show where the warning was created)
(node:8100) [DEP_WEBPACK_DEV_SERVER_ON_BEFORE_SETUP_MIDDLEWARE] DeprecationWarning: 'onBeforeSetupMiddleware' option is deprecated. Please use the 'setupMiddlewares' option.
Starting the development server...

Compiled successfully!

You can now view react-kavia in the browser.

  Local:            http://localhost:3000
  On Your Network:  http://172.17.0.2:3000

Note that the development build is not optimized.
To create a production build, use npm run build.

webpack compiled successfully
Compiling...
Failed to compile.

[eslint] 
src/CineSphereMainContainer.js
  Line 202:30:   'hintsUsed' is not defined     no-undef
  Line 245:5:    'setHintsUsed' is not defined  no-undef
  Line 253:20:   'hint' is not defined          no-undef
  Line 253:29:   'hint' is not defined          no-undef
  Line 256:5:    'setHint' is not defined       no-undef
  Line 256:13:   'hint' is not defined          no-undef
  Line 256:20:   'hint' is not defined          no-undef
  Line 274:5:    'setHint' is not defined       no-undef
  Line 275:5:    'setHintsUsed' is not defined  no-undef
  Line 287:5:    'setHint' is not defined       no-undef
  Line 288:5:    'setHintsUsed' is not defined  no-undef
  Line 353:101:  'hintsUsed' is not defined     no-undef
  Line 404:189:  'hintsUsed' is not defined     no-undef
  Line 405:22:   'hintsUsed' is not defined     no-undef
  Line 405:42:   'hintsUsed' is not defined     no-undef
  Line 407:16:   'hint' is not defined          no-undef
  Line 411:20:   'hint' is not defined          no-undef

Search for the keywords to learn more about each error.
WARNING in [eslint] 
src/CineSphereMainContainer.js
  Line 117:10:  'hintActor' is assigned a value but never used       no-unused-vars
  Line 118:10:  'hintYear' is assigned a value but never used        no-unused-vars
  Line 119:10:  'hintTitle' is assigned a value but never used       no-unused-vars
  Line 120:10:  'hintActorValue' is assigned a value but never used  no-unused-vars
  Line 121:10:  'hintTitleValue' is assigned a value but never used  no-unused-vars
  Line 122:10:  'hintYearValue' is assigned a value but never used   no-unused-vars

ERROR in [eslint] 
src/CineSphereMainContainer.js
  Line 202:30:   'hintsUsed' is not defined     no-undef
  Line 245:5:    'setHintsUsed' is not defined  no-undef
  Line 253:20:   'hint' is not defined          no-undef
  Line 253:29:   'hint' is not defined          no-undef
  Line 256:5:    'setHint' is not defined       no-undef
  Line 256:13:   'hint' is not defined          no-undef
  Line 256:20:   'hint' is not defined          no-undef
  Line 274:5:    'setHint' is not defined       no-undef
  Line 275:5:    'setHintsUsed' is not defined  no-undef
  Line 287:5:    'setHint' is not defined       no-undef
  Line 288:5:    'setHintsUsed' is not defined  no-undef
  Line 353:101:  'hintsUsed' is not defined     no-undef
  Line 404:189:  'hintsUsed' is not defined     no-undef
  Line 405:22:   'hintsUsed' is not defined     no-undef
  Line 405:42:   'hintsUsed' is not defined     no-undef
  Line 407:16:   'hint' is not defined          no-undef
  Line 411:20:   'hint' is not defined          no-undef

Search for the keywords to learn more about each error.

webpack compiled with 1 error and 1 warning
Compiling...
Failed to compile.

[eslint] 
src/CineSphereMainContainer.js
  Line 202:30:   'hintsUsed' is not defined     no-undef
  Line 276:5:    'setHint' is not defined       no-undef
  Line 277:5:    'setHintsUsed' is not defined  no-undef
  Line 289:5:    'setHint' is not defined       no-undef
  Line 290:5:    'setHintsUsed' is not defined  no-undef
  Line 355:101:  'hintsUsed' is not defined     no-undef
  Line 406:167:  'handleHint' is not defined    no-undef
  Line 406:189:  'hintsUsed' is not defined     no-undef
  Line 407:22:   'hintsUsed' is not defined     no-undef
  Line 407:42:   'hintsUsed' is not defined     no-undef
  Line 409:16:   'hint' is not defined          no-undef
  Line 413:20:   'hint' is not defined          no-undef

Search for the keywords to learn more about each error.
WARNING in [eslint] 
src/CineSphereMainContainer.js
  Line 120:10:  'hintActorValue' is assigned a value but never used  no-unused-vars
  Line 121:10:  'hintTitleValue' is assigned a value but never used  no-unused-vars
  Line 122:10:  'hintYearValue' is assigned a value but never used   no-unused-vars
  Line 211:18:  'handleHintActor' is defined but never used          no-unused-vars
  Line 231:12:  'handleHintYear' is defined but never used           no-unused-vars
  Line 242:12:  'handleHintTitle' is defined but never used          no-unused-vars

ERROR in [eslint] 
src/CineSphereMainContainer.js
  Line 202:30:   'hintsUsed' is not defined     no-undef
  Line 276:5:    'setHint' is not defined       no-undef
  Line 277:5:    'setHintsUsed' is not defined  no-undef
  Line 289:5:    'setHint' is not defined       no-undef
  Line 290:5:    'setHintsUsed' is not defined  no-undef
  Line 355:101:  'hintsUsed' is not defined     no-undef
  Line 406:167:  'handleHint' is not defined    no-undef
  Line 406:189:  'hintsUsed' is not defined     no-undef
  Line 407:22:   'hintsUsed' is not defined     no-undef
  Line 407:42:   'hintsUsed' is not defined     no-undef
  Line 409:16:   'hint' is not defined          no-undef
  Line 413:20:   'hint' is not defined          no-undef

Search for the keywords to learn more about each error.

webpack compiled with 1 error and 1 warning
Compiling...
Failed to compile.

[eslint] 
src/CineSphereMainContainer.js
  Line 202:30:   'hintsUsed' is not defined     no-undef
  Line 280:5:    'setHint' is not defined       no-undef
  Line 281:5:    'setHintsUsed' is not defined  no-undef
  Line 293:5:    'setHint' is not defined       no-undef
  Line 294:5:    'setHintsUsed' is not defined  no-undef
  Line 359:101:  'hintsUsed' is not defined     no-undef
  Line 410:167:  'handleHint' is not defined    no-undef
  Line 410:189:  'hintsUsed' is not defined     no-undef
  Line 411:22:   'hintsUsed' is not defined     no-undef
  Line 411:42:   'hintsUsed' is not defined     no-undef
  Line 413:16:   'hint' is not defined          no-undef
  Line 417:20:   'hint' is not defined          no-undef

Search for the keywords to learn more about each error.
WARNING in [eslint] 
src/CineSphereMainContainer.js
  Line 120:10:  'hintActorValue' is assigned a value but never used  no-unused-vars
  Line 121:10:  'hintTitleValue' is assigned a value but never used  no-unused-vars
  Line 122:10:  'hintYearValue' is assigned a value but never used   no-unused-vars

ERROR in [eslint] 
src/CineSphereMainContainer.js
  Line 202:30:   'hintsUsed' is not defined     no-undef
  Line 280:5:    'setHint' is not defined       no-undef
  Line 281:5:    'setHintsUsed' is not defined  no-undef
  Line 293:5:    'setHint' is not defined       no-undef
  Line 294:5:    'setHintsUsed' is not defined  no-undef
  Line 359:101:  'hintsUsed' is not defined     no-undef
  Line 410:167:  'handleHint' is not defined    no-undef
  Line 410:189:  'hintsUsed' is not defined     no-undef
  Line 411:22:   'hintsUsed' is not defined     no-undef
  Line 411:42:   'hintsUsed' is not defined     no-undef
  Line 413:16:   'hint' is not defined          no-undef
  Line 417:20:   'hint' is not defined          no-undef

Search for the keywords to learn more about each error.

webpack compiled with 1 error and 1 warning
Compiling...
Failed to compile.

[eslint] 
src/CineSphereMainContainer.js
  Line 202:30:   'hintsUsed' is not defined   no-undef
  Line 357:101:  'hintsUsed' is not defined   no-undef
  Line 408:167:  'handleHint' is not defined  no-undef
  Line 408:189:  'hintsUsed' is not defined   no-undef
  Line 409:22:   'hintsUsed' is not defined   no-undef
  Line 409:42:   'hintsUsed' is not defined   no-undef
  Line 411:16:   'hint' is not defined        no-undef
  Line 415:20:   'hint' is not defined        no-undef

Search for the keywords to learn more about each error.
WARNING in [eslint] 
src/CineSphereMainContainer.js
  Line 120:10:  'hintActorValue' is assigned a value but never used  no-unused-vars
  Line 121:10:  'hintTitleValue' is assigned a value but never used  no-unused-vars
  Line 122:10:  'hintYearValue' is assigned a value but never used   no-unused-vars

ERROR in [eslint] 
src/CineSphereMainContainer.js
  Line 202:30:   'hintsUsed' is not defined   no-undef
  Line 357:101:  'hintsUsed' is not defined   no-undef
  Line 408:167:  'handleHint' is not defined  no-undef
  Line 408:189:  'hintsUsed' is not defined   no-undef
  Line 409:22:   'hintsUsed' is not defined   no-undef
  Line 409:42:   'hintsUsed' is not defined   no-undef
  Line 411:16:   'hint' is not defined        no-undef
  Line 415:20:   'hint' is not defined        no-undef

Search for the keywords to learn more about each error.

webpack compiled with 1 error and 1 warning
Compiling...
Failed to compile.

[eslint] 
src/CineSphereMainContainer.js
  Line 202:30:   'hintsUsed' is not defined  no-undef
  Line 357:101:  'hintsUsed' is not defined  no-undef

Search for the keywords to learn more about each error.
ERROR in [eslint] 
src/CineSphereMainContainer.js
  Line 202:30:   'hintsUsed' is not defined  no-undef
  Line 357:101:  'hintsUsed' is not defined  no-undef

Search for the keywords to learn more about each error.

webpack compiled with 1 error
Compiling...
Compiled successfully!
webpack compiled successfully
